
> tokenmilagre-platform@0.1.0 build
> next build

   ▲ Next.js 16.0.7 (Turbopack)
   - Environments: .env.local, .env
   - Experiments (use with caution):
     · clientTraceMetadata

 ⚠ The "middleware" file convention is deprecated. Please use "proxy" instead. Learn more: https://nextjs.org/docs/messages/middleware-to-proxy
   Creating an optimized production build ...
 ✓ Compiled successfully in 8.7s
   Running next.config.js provided runAfterProductionCompile ...
 ✓ Completed runAfterProductionCompile in 552ms
   Running TypeScript ...
   Collecting page data using 11 workers ...
 ⚠ Using edge runtime on a page currently disables static generation for that page
   Generating static pages using 11 workers (0/53) ...
   Generating static pages using 11 workers (13/53) 
   Generating static pages using 11 workers (26/53) 
   Generating static pages using 11 workers (39/53) 
 ✓ Generating static pages using 11 workers (53/53) in 2.1s
   Finalizing page optimization ...

Route (app)                         Revalidate  Expire
┌ ○ /
├ ○ /_not-found
├ ƒ /api/admin-chat
├ ƒ /api/admin/articles
├ ƒ /api/admin/seed-resources
├ ƒ /api/admin/stats
├ ƒ /api/admin/users
├ ƒ /api/admin/users/[id]
├ ƒ /api/articles
├ ƒ /api/articles/[slug]
├ ƒ /api/articles/import
├ ƒ /api/articles/list
├ ƒ /api/auth/me
├ ƒ /api/build-info
├ ƒ /api/chat-perplexity
├ ƒ /api/check-url
├ ƒ /api/community-stories
├ ƒ /api/community-stories/[slug]
├ ƒ /api/crypto/[slug]
├ ƒ /api/crypto/top
├ ƒ /api/editor-chat
├ ƒ /api/fear-greed
├ ƒ /api/gamification/award-points
├ ƒ /api/generate-article
├ ƒ /api/list-gemini-models
├ ○ /api/market                             1m      1y
├ ƒ /api/news
├ ƒ /api/news/related/[slug]
├ ƒ /api/process-gemini
├ ƒ /api/process-news
├ ƒ /api/project-map
├ ƒ /api/public-stats
├ ƒ /api/refine-article
├ ƒ /api/resources
├ ƒ /api/resources/[slug]
├ ƒ /api/setup-admin
├ ƒ /api/setup-supabase-schema
├ ƒ /api/social-projects
├ ƒ /api/social-projects/[slug]
├ ƒ /api/suggest-improvements
├ ƒ /api/test-env
├ ƒ /api/user-progress
├ ƒ /api/webhooks/clerk
├ ○ /comece-aqui
├ ○ /criptomoedas
├ ƒ /criptomoedas/[slug]
├ ○ /dashboard
├ ○ /dashboard/admin
├ ○ /dashboard/artigos
├ ○ /dashboard/criar
├ ○ /dashboard/editor
├ ○ /dashboard/mercado
├ ○ /dashboard/usuarios
├ ƒ /educacao
├ ƒ /educacao/[slug]
├ ○ /graficos
├ ○ /manifesto
├ ƒ /membro
├ ○ /noticias
├ ƒ /noticias/[slug]
├ ○ /privacidade
├ ƒ /recursos
├ ƒ /recursos/[slug]
├ ○ /roadmap
├ ○ /robots.txt
├ ○ /seguranca/verificador-url
├ ƒ /sign-in/[[...sign-in]]
├ ƒ /sign-up/[[...sign-up]]
├ ○ /sitemap.xml
├ ○ /sobre
├ ○ /sobre/equipe
├ ○ /termos
├ ○ /token
└ ○ /transparencia


ƒ Proxy (Middleware)

○  (Static)   prerendered as static content
ƒ  (Dynamic)  server-rendered on demand

