__tests__/api/v2/articles/create.test.ts(41,16): error TS2339: Property 'category' does not exist on type 'DeepMockProxy<PrismaClient<PrismaClientOptions, never, DefaultArgs>>'.
__tests__/api/v2/articles/create.test.ts(42,16): error TS2339: Property 'tag' does not exist on type 'DeepMockProxy<PrismaClient<PrismaClientOptions, never, DefaultArgs>>'.
__tests__/api/v2/articles/create.test.ts(293,18): error TS2339: Property 'category' does not exist on type 'DeepMockProxy<PrismaClient<PrismaClientOptions, never, DefaultArgs>>'.
__tests__/api/v2/articles/create.test.ts(355,14): error TS18048: 'createdArticle.data.citations' is possibly 'undefined'.
__tests__/api/v2/articles/create.test.ts(355,14): error TS18048: 'createdArticle.data.citations.create' is possibly 'undefined'.
__tests__/api/v2/articles/create.test.ts(355,14): error TS7053: Element implicitly has an 'any' type because expression of type '0' can't be used to index type '(Without<CitationCreateWithoutArticleInput, CitationUncheckedCreateWithoutArticleInput> & CitationUncheckedCreateWithoutArticleInput) | (Without<...> & CitationCreateWithoutArticleInput) | CitationCreateWithoutArticleInput[] | CitationUncheckedCreateWithoutArticleInput[]'.
  Property '0' does not exist on type '(Without<CitationCreateWithoutArticleInput, CitationUncheckedCreateWithoutArticleInput> & CitationUncheckedCreateWithoutArticleInput) | (Without<...> & CitationCreateWithoutArticleInput) | CitationCreateWithoutArticleInput[] | CitationUncheckedCreateWithoutArticleInput[]'.
__tests__/api/v2/articles/stats.test.ts(55,49): error TS2345: Argument of type '(args: any) => Promise<number>' is not assignable to parameter of type '<T extends ArticleCountArgs>(args?: Subset<T, ArticleCountArgs<DefaultArgs>> | undefined) => PrismaPromise<T extends Record_2<"select", any> ? T["select"] extends true ? number : { [P in keyof T["select"]]: P extends keyof ArticleCountAggregateOutputType ? ArticleCountAggregateOutputType[P] : never; } : number>'.
  Call signature return types 'Promise<number>' and 'PrismaPromise<T extends Record_2<"select", any> ? T["select"] extends true ? number : { [P in keyof T["select"]]: P extends keyof ArticleCountAggregateOutputType ? ArticleCountAggregateOutputType[P] : never; } : number>' are incompatible.
    The types of '[Symbol.toStringTag]' are incompatible between these types.
      Type 'string' is not assignable to type '"PrismaPromise"'.
__tests__/lib/validations.test.ts(164,14): error TS2790: The operand of a 'delete' operator must be optional.
__tests__/lib/validations.test.ts(175,14): error TS2790: The operand of a 'delete' operator must be optional.
__tests__/lib/validations.test.ts(241,14): error TS2790: The operand of a 'delete' operator must be optional.
__tests__/lib/validations.test.ts(259,14): error TS2790: The operand of a 'delete' operator must be optional.
__tests__/mocks/handlers/solana.ts(98,14): error TS7053: Element implicitly has an 'any' type because expression of type 'any' can't be used to index type '{ TokenMilagrePlatform111111111111111111111: number; TokenMilagrePlatform222222222222222222222: number; EmptyWallet11111111111111111111111111111: number; }'.
__tests__/mocks/handlers/solana.ts(105,33): error TS7053: Element implicitly has an 'any' type because expression of type 'any' can't be used to index type '{ TokenMilagrePlatform111111111111111111111: { '3tpz3ar7gaHmPZfhWHzRdPnBJ5MrZZVDxepDtDLYpump': { value: { account: { data: { parsed: { info: { tokenAmount: { amount: string; decimals: number; uiAmount: number; uiAmountString: string; }; mint: string; owner: string; }; }; }; }; }[]; }; }; EmptyWallet11111111111111111...'.
__tests__/mocks/handlers/solana.ts(116,9): error TS7053: Element implicitly has an 'any' type because expression of type 'any' can't be used to index type '{ '3tpz3ar7gaHmPZfhWHzRdPnBJ5MrZZVDxepDtDLYpump': { value: { amount: string; decimals: number; uiAmount: number; uiAmountString: string; }; }; }'.
__tests__/mocks/handlers/solana.ts(130,19): error TS7053: Element implicitly has an 'any' type because expression of type 'any' can't be used to index type '{ TokenMilagrePlatform111111111111111111111: ({ signature: string; slot: number; err: null; memo: null; blockTime: number; } | { signature: string; slot: number; err: null; memo: string; blockTime: number; })[]; }'.
__tests__/mocks/handlers/solana.ts(190,5): error TS7053: Element implicitly has an 'any' type because expression of type 'string' can't be used to index type '{ TokenMilagrePlatform111111111111111111111: number; TokenMilagrePlatform222222222222222222222: number; EmptyWallet11111111111111111111111111111: number; }'.
  No index signature with a parameter of type 'string' was found on type '{ TokenMilagrePlatform111111111111111111111: number; TokenMilagrePlatform222222222222222222222: number; EmptyWallet11111111111111111111111111111: number; }'.
__tests__/mocks/handlers/solana.ts(197,10): error TS7053: Element implicitly has an 'any' type because expression of type 'string' can't be used to index type '{ TokenMilagrePlatform111111111111111111111: { '3tpz3ar7gaHmPZfhWHzRdPnBJ5MrZZVDxepDtDLYpump': { value: { account: { data: { parsed: { info: { tokenAmount: { amount: string; decimals: number; uiAmount: number; uiAmountString: string; }; mint: string; owner: string; }; }; }; }; }[]; }; }; EmptyWallet11111111111111111...'.
  No index signature with a parameter of type 'string' was found on type '{ TokenMilagrePlatform111111111111111111111: { '3tpz3ar7gaHmPZfhWHzRdPnBJ5MrZZVDxepDtDLYpump': { value: { account: { data: { parsed: { info: { tokenAmount: { amount: string; decimals: number; uiAmount: number; uiAmountString: string; }; mint: string; owner: string; }; }; }; }; }[]; }; }; EmptyWallet11111111111111111...'.
__tests__/mocks/handlers/solana.ts(198,7): error TS7053: Element implicitly has an 'any' type because expression of type 'string' can't be used to index type '{ TokenMilagrePlatform111111111111111111111: { '3tpz3ar7gaHmPZfhWHzRdPnBJ5MrZZVDxepDtDLYpump': { value: { account: { data: { parsed: { info: { tokenAmount: { amount: string; decimals: number; uiAmount: number; uiAmountString: string; }; mint: string; owner: string; }; }; }; }; }[]; }; }; EmptyWallet11111111111111111...'.
  No index signature with a parameter of type 'string' was found on type '{ TokenMilagrePlatform111111111111111111111: { '3tpz3ar7gaHmPZfhWHzRdPnBJ5MrZZVDxepDtDLYpump': { value: { account: { data: { parsed: { info: { tokenAmount: { amount: string; decimals: number; uiAmount: number; uiAmountString: string; }; mint: string; owner: string; }; }; }; }; }[]; }; }; EmptyWallet11111111111111111...'.
__tests__/mocks/handlers/solana.ts(201,5): error TS7053: Element implicitly has an 'any' type because expression of type 'string' can't be used to index type '{ TokenMilagrePlatform111111111111111111111: { '3tpz3ar7gaHmPZfhWHzRdPnBJ5MrZZVDxepDtDLYpump': { value: { account: { data: { parsed: { info: { tokenAmount: { amount: string; decimals: number; uiAmount: number; uiAmountString: string; }; mint: string; owner: string; }; }; }; }; }[]; }; }; EmptyWallet11111111111111111...'.
  No index signature with a parameter of type 'string' was found on type '{ TokenMilagrePlatform111111111111111111111: { '3tpz3ar7gaHmPZfhWHzRdPnBJ5MrZZVDxepDtDLYpump': { value: { account: { data: { parsed: { info: { tokenAmount: { amount: string; decimals: number; uiAmount: number; uiAmountString: string; }; mint: string; owner: string; }; }; }; }; }[]; }; }; EmptyWallet11111111111111111...'.
__tests__/mocks/handlers/solana.ts(229,10): error TS7053: Element implicitly has an 'any' type because expression of type 'string' can't be used to index type '{ TokenMilagrePlatform111111111111111111111: ({ signature: string; slot: number; err: null; memo: null; blockTime: number; } | { signature: string; slot: number; err: null; memo: string; blockTime: number; })[]; }'.
  No index signature with a parameter of type 'string' was found on type '{ TokenMilagrePlatform111111111111111111111: ({ signature: string; slot: number; err: null; memo: null; blockTime: number; } | { signature: string; slot: number; err: null; memo: string; blockTime: number; })[]; }'.
__tests__/mocks/handlers/solana.ts(230,7): error TS7053: Element implicitly has an 'any' type because expression of type 'string' can't be used to index type '{ TokenMilagrePlatform111111111111111111111: ({ signature: string; slot: number; err: null; memo: null; blockTime: number; } | { signature: string; slot: number; err: null; memo: string; blockTime: number; })[]; }'.
  No index signature with a parameter of type 'string' was found on type '{ TokenMilagrePlatform111111111111111111111: ({ signature: string; slot: number; err: null; memo: null; blockTime: number; } | { signature: string; slot: number; err: null; memo: string; blockTime: number; })[]; }'.
__tests__/mocks/handlers/solana.ts(233,5): error TS7053: Element implicitly has an 'any' type because expression of type 'string' can't be used to index type '{ TokenMilagrePlatform111111111111111111111: ({ signature: string; slot: number; err: null; memo: null; blockTime: number; } | { signature: string; slot: number; err: null; memo: string; blockTime: number; })[]; }'.
  No index signature with a parameter of type 'string' was found on type '{ TokenMilagrePlatform111111111111111111111: ({ signature: string; slot: number; err: null; memo: null; blockTime: number; } | { signature: string; slot: number; err: null; memo: string; blockTime: number; })[]; }'.
__tests__/mocks/handlers/solana.ts(248,16): error TS7053: Element implicitly has an 'any' type because expression of type 'string' can't be used to index type '{ TokenMilagrePlatform111111111111111111111: number; TokenMilagrePlatform222222222222222222222: number; EmptyWallet11111111111111111111111111111: number; }'.
  No index signature with a parameter of type 'string' was found on type '{ TokenMilagrePlatform111111111111111111111: number; TokenMilagrePlatform222222222222222222222: number; EmptyWallet11111111111111111111111111111: number; }'.
__tests__/mocks/handlers/solana.ts(254,16): error TS7053: Element implicitly has an 'any' type because expression of type 'string' can't be used to index type '{ TokenMilagrePlatform111111111111111111111: { '3tpz3ar7gaHmPZfhWHzRdPnBJ5MrZZVDxepDtDLYpump': { value: { account: { data: { parsed: { info: { tokenAmount: { amount: string; decimals: number; uiAmount: number; uiAmountString: string; }; mint: string; owner: string; }; }; }; }; }[]; }; }; EmptyWallet11111111111111111...'.
  No index signature with a parameter of type 'string' was found on type '{ TokenMilagrePlatform111111111111111111111: { '3tpz3ar7gaHmPZfhWHzRdPnBJ5MrZZVDxepDtDLYpump': { value: { account: { data: { parsed: { info: { tokenAmount: { amount: string; decimals: number; uiAmount: number; uiAmountString: string; }; mint: string; owner: string; }; }; }; }; }[]; }; }; EmptyWallet11111111111111111...'.
__tests__/mocks/handlers/solana.ts(260,16): error TS7053: Element implicitly has an 'any' type because expression of type 'string' can't be used to index type '{ TokenMilagrePlatform111111111111111111111: ({ signature: string; slot: number; err: null; memo: null; blockTime: number; } | { signature: string; slot: number; err: null; memo: string; blockTime: number; })[]; }'.
  No index signature with a parameter of type 'string' was found on type '{ TokenMilagrePlatform111111111111111111111: ({ signature: string; slot: number; err: null; memo: null; blockTime: number; } | { signature: string; slot: number; err: null; memo: string; blockTime: number; })[]; }'.
app/dashboard/_components/AIAssistant.tsx(106,28): error TS7006: Parameter 'message' implicitly has an 'any' type.
components/admin/AdminChatSidebar.tsx(283,28): error TS7006: Parameter 'message' implicitly has an 'any' type.
components/admin/AdminChatSidebar.tsx(393,71): error TS7006: Parameter 'm' implicitly has an 'any' type.
hooks/useAdminChat.ts(22,8): error TS2307: Cannot find module './admin-chat' or its corresponding type declarations.
lib/di/__tests__/container.test.ts(183,31): error TS2551: Property 'getContext' does not exist on type 'LoggerService'. Did you mean 'setContext'?
lib/di/__tests__/container.test.ts(195,31): error TS2551: Property 'getContext' does not exist on type 'LoggerService'. Did you mean 'setContext'?
lib/hooks/__tests__/useArticles.test.tsx(50,9): error TS2322: Type 'number' is not assignable to type 'string'.
lib/hooks/__tests__/useArticles.test.tsx(64,9): error TS2322: Type '{ id: string; name: string; slug: string; }' is not assignable to type 'string'.
lib/hooks/__tests__/useArticles.test.tsx(69,9): error TS2322: Type 'never[]' is not assignable to type 'string'.
lib/hooks/__tests__/useArticles.test.tsx(71,9): error TS2322: Type 'never[]' is not assignable to type 'string'.
lib/hooks/__tests__/useArticles.test.tsx(83,9): error TS2322: Type 'number' is not assignable to type 'string'.
lib/hooks/__tests__/useArticles.test.tsx(97,9): error TS2322: Type '{ id: string; name: string; slug: string; }' is not assignable to type 'string'.
lib/hooks/__tests__/useArticles.test.tsx(102,9): error TS2322: Type 'never[]' is not assignable to type 'string'.
lib/hooks/__tests__/useArticles.test.tsx(104,9): error TS2322: Type 'never[]' is not assignable to type 'string'.
lib/hooks/__tests__/useArticles.test.tsx(257,11): error TS2741: Property 'hasMore' is missing in type '{ articles: never[]; total: number; page: number; limit: number; totalPages: number; }' but required in type 'ArticleListResult'.
lib/hooks/__tests__/useCreateArticle.test.tsx(10,15): error TS2459: Module '"@/lib/services/article-service"' declares 'ArticleCreateInput' locally, but it is not exported.
lib/hooks/__tests__/useCreateArticle.test.tsx(57,5): error TS2322: Type 'number' is not assignable to type 'string'.
lib/hooks/__tests__/useCreateArticle.test.tsx(71,5): error TS2322: Type '{ id: string; name: string; slug: string; }' is not assignable to type 'string'.
lib/hooks/__tests__/useCreateArticle.test.tsx(76,5): error TS2322: Type '{ id: string; articleId: string; tagId: string; tag: { id: string; name: string; slug: string; }; }[]' is not assignable to type 'string'.
lib/hooks/__tests__/useCreateArticle.test.tsx(89,5): error TS2322: Type 'never[]' is not assignable to type 'string'.
lib/hooks/__tests__/useCreateArticle.test.tsx(319,5): error TS2322: Type 'number' is not assignable to type 'string'.
lib/hooks/__tests__/useCreateArticle.test.tsx(333,5): error TS2322: Type '{ id: string; name: string; slug: string; }' is not assignable to type 'string'.
lib/hooks/__tests__/useCreateArticle.test.tsx(338,5): error TS2322: Type 'never[]' is not assignable to type 'string'.
lib/hooks/__tests__/useCreateArticle.test.tsx(340,5): error TS2322: Type 'never[]' is not assignable to type 'string'.
lib/hooks/__tests__/useUpdateArticle.test.tsx(46,5): error TS2322: Type 'number' is not assignable to type 'string'.
lib/hooks/__tests__/useUpdateArticle.test.tsx(60,5): error TS2322: Type '{ id: string; name: string; slug: string; }' is not assignable to type 'string'.
lib/hooks/__tests__/useUpdateArticle.test.tsx(65,5): error TS2322: Type 'never[]' is not assignable to type 'string'.
lib/hooks/__tests__/useUpdateArticle.test.tsx(67,5): error TS2322: Type 'never[]' is not assignable to type 'string'.
lib/services/__tests__/article-service.test.ts(120,18): error TS2339: Property 'category' does not exist on type 'DeepMockProxy<PrismaClient<PrismaClientOptions, never, DefaultArgs>>'.
lib/services/__tests__/article-service.test.ts(121,18): error TS2339: Property 'tag' does not exist on type 'DeepMockProxy<PrismaClient<PrismaClientOptions, never, DefaultArgs>>'.
lib/services/__tests__/article-service.test.ts(126,43): error TS2345: Argument of type '{ title: string; slug: string; content: string; type: "NEWS"; categoryId: string; authorId: string; tagIds: string[]; status: "DRAFT"; }' is not assignable to parameter of type '{ title: string; slug: string; content: string; type: "news" | "educational"; published: boolean; sentiment: "positive" | "negative" | "neutral"; projectHighlight: boolean; excerpt?: string | undefined; ... 20 more ...; quizData?: any; }'.
  Type '{ title: string; slug: string; content: string; type: "NEWS"; categoryId: string; authorId: string; tagIds: string[]; status: "DRAFT"; }' is missing the following properties from type '{ title: string; slug: string; content: string; type: "news" | "educational"; published: boolean; sentiment: "positive" | "negative" | "neutral"; projectHighlight: boolean; excerpt?: string | undefined; ... 20 more ...; quizData?: any; }': published, sentiment, projectHighlight
lib/services/__tests__/article-service.test.ts(153,35): error TS2345: Argument of type '{ title: string; slug: string; content: string; type: "NEWS"; categoryId: string; authorId: string; tagIds: string[]; status: "DRAFT"; }' is not assignable to parameter of type '{ title: string; slug: string; content: string; type: "news" | "educational"; published: boolean; sentiment: "positive" | "negative" | "neutral"; projectHighlight: boolean; excerpt?: string | undefined; ... 20 more ...; quizData?: any; }'.
  Type '{ title: string; slug: string; content: string; type: "NEWS"; categoryId: string; authorId: string; tagIds: string[]; status: "DRAFT"; }' is missing the following properties from type '{ title: string; slug: string; content: string; type: "news" | "educational"; published: boolean; sentiment: "positive" | "negative" | "neutral"; projectHighlight: boolean; excerpt?: string | undefined; ... 20 more ...; quizData?: any; }': published, sentiment, projectHighlight
lib/services/__tests__/article-service.test.ts(164,18): error TS2339: Property 'category' does not exist on type 'DeepMockProxy<PrismaClient<PrismaClientOptions, never, DefaultArgs>>'.
lib/services/__tests__/article-service.test.ts(165,18): error TS2339: Property 'tag' does not exist on type 'DeepMockProxy<PrismaClient<PrismaClientOptions, never, DefaultArgs>>'.
lib/services/__tests__/article-service.test.ts(168,28): error TS2345: Argument of type '{ title: string; slug: string; content: string; type: "NEWS"; categoryId: string; authorId: string; tagIds: string[]; status: "DRAFT"; }' is not assignable to parameter of type '{ title: string; slug: string; content: string; type: "news" | "educational"; published: boolean; sentiment: "positive" | "negative" | "neutral"; projectHighlight: boolean; excerpt?: string | undefined; ... 20 more ...; quizData?: any; }'.
  Type '{ title: string; slug: string; content: string; type: "NEWS"; categoryId: string; authorId: string; tagIds: string[]; status: "DRAFT"; }' is missing the following properties from type '{ title: string; slug: string; content: string; type: "news" | "educational"; published: boolean; sentiment: "positive" | "negative" | "neutral"; projectHighlight: boolean; excerpt?: string | undefined; ... 20 more ...; quizData?: any; }': published, sentiment, projectHighlight
lib/services/__tests__/article-service.test.ts(181,18): error TS2339: Property 'category' does not exist on type 'DeepMockProxy<PrismaClient<PrismaClientOptions, never, DefaultArgs>>'.
lib/services/__tests__/article-service.test.ts(183,35): error TS2345: Argument of type '{ title: string; slug: string; content: string; type: "NEWS"; categoryId: string; authorId: string; tagIds: string[]; status: "DRAFT"; }' is not assignable to parameter of type '{ title: string; slug: string; content: string; type: "news" | "educational"; published: boolean; sentiment: "positive" | "negative" | "neutral"; projectHighlight: boolean; excerpt?: string | undefined; ... 20 more ...; quizData?: any; }'.
  Type '{ title: string; slug: string; content: string; type: "NEWS"; categoryId: string; authorId: string; tagIds: string[]; status: "DRAFT"; }' is missing the following properties from type '{ title: string; slug: string; content: string; type: "news" | "educational"; published: boolean; sentiment: "positive" | "negative" | "neutral"; projectHighlight: boolean; excerpt?: string | undefined; ... 20 more ...; quizData?: any; }': published, sentiment, projectHighlight
lib/services/__tests__/article-service.test.ts(188,18): error TS2339: Property 'category' does not exist on type 'DeepMockProxy<PrismaClient<PrismaClientOptions, never, DefaultArgs>>'.
lib/services/__tests__/article-service.test.ts(189,18): error TS2339: Property 'tag' does not exist on type 'DeepMockProxy<PrismaClient<PrismaClientOptions, never, DefaultArgs>>'.
lib/services/__tests__/article-service.test.ts(191,35): error TS2345: Argument of type '{ title: string; slug: string; content: string; type: "NEWS"; categoryId: string; authorId: string; tagIds: string[]; status: "DRAFT"; }' is not assignable to parameter of type '{ title: string; slug: string; content: string; type: "news" | "educational"; published: boolean; sentiment: "positive" | "negative" | "neutral"; projectHighlight: boolean; excerpt?: string | undefined; ... 20 more ...; quizData?: any; }'.
  Type '{ title: string; slug: string; content: string; type: "NEWS"; categoryId: string; authorId: string; tagIds: string[]; status: "DRAFT"; }' is missing the following properties from type '{ title: string; slug: string; content: string; type: "news" | "educational"; published: boolean; sentiment: "positive" | "negative" | "neutral"; projectHighlight: boolean; excerpt?: string | undefined; ... 20 more ...; quizData?: any; }': published, sentiment, projectHighlight
lib/services/__tests__/article-service.test.ts(203,18): error TS2339: Property 'category' does not exist on type 'DeepMockProxy<PrismaClient<PrismaClientOptions, never, DefaultArgs>>'.
lib/services/__tests__/article-service.test.ts(204,18): error TS2339: Property 'tag' does not exist on type 'DeepMockProxy<PrismaClient<PrismaClientOptions, never, DefaultArgs>>'.
lib/services/__tests__/article-service.test.ts(207,28): error TS2345: Argument of type '{ citations: { url: string; title: string; }[]; title: string; slug: string; content: string; type: "NEWS"; categoryId: string; authorId: string; tagIds: string[]; status: "DRAFT"; }' is not assignable to parameter of type '{ title: string; slug: string; content: string; type: "news" | "educational"; published: boolean; sentiment: "positive" | "negative" | "neutral"; projectHighlight: boolean; excerpt?: string | undefined; ... 20 more ...; quizData?: any; }'.
  Type '{ citations: { url: string; title: string; }[]; title: string; slug: string; content: string; type: "NEWS"; categoryId: string; authorId: string; tagIds: string[]; status: "DRAFT"; }' is missing the following properties from type '{ title: string; slug: string; content: string; type: "news" | "educational"; published: boolean; sentiment: "positive" | "negative" | "neutral"; projectHighlight: boolean; excerpt?: string | undefined; ... 20 more ...; quizData?: any; }': published, sentiment, projectHighlight
lib/services/__tests__/article-service.test.ts(231,18): error TS2339: Property 'category' does not exist on type 'DeepMockProxy<PrismaClient<PrismaClientOptions, never, DefaultArgs>>'.
lib/services/__tests__/article-service.test.ts(232,18): error TS2339: Property 'tag' does not exist on type 'DeepMockProxy<PrismaClient<PrismaClientOptions, never, DefaultArgs>>'.
lib/services/__tests__/article-service.test.ts(235,28): error TS2345: Argument of type '{ content: string; title: string; slug: string; type: "NEWS"; categoryId: string; authorId: string; tagIds: string[]; status: "DRAFT"; }' is not assignable to parameter of type '{ title: string; slug: string; content: string; type: "news" | "educational"; published: boolean; sentiment: "positive" | "negative" | "neutral"; projectHighlight: boolean; excerpt?: string | undefined; ... 20 more ...; quizData?: any; }'.
  Type '{ content: string; title: string; slug: string; type: "NEWS"; categoryId: string; authorId: string; tagIds: string[]; status: "DRAFT"; }' is missing the following properties from type '{ title: string; slug: string; content: string; type: "news" | "educational"; published: boolean; sentiment: "positive" | "negative" | "neutral"; projectHighlight: boolean; excerpt?: string | undefined; ... 20 more ...; quizData?: any; }': published, sentiment, projectHighlight
lib/services/__tests__/article-service.test.ts(328,48): error TS2353: Object literal may only specify known properties, and 'status' does not exist in type 'Partial<{ page: number; limit: number; sortBy: string; sortOrder: "asc" | "desc"; published?: boolean | undefined; type?: string | undefined; category?: string | undefined; authorId?: string | undefined; search?: string | undefined; sentiment?: "positive" | ... 2 more ... | undefined; level?: string | undefined; pro...'.
lib/services/__tests__/article-service.test.ts(437,18): error TS2339: Property 'category' does not exist on type 'DeepMockProxy<PrismaClient<PrismaClientOptions, never, DefaultArgs>>'.
lib/services/__tests__/article-service.test.ts(448,18): error TS2339: Property 'tag' does not exist on type 'DeepMockProxy<PrismaClient<PrismaClientOptions, never, DefaultArgs>>'.
lib/services/__tests__/article-service.test.ts(550,49): error TS2345: Argument of type '{ articleIds: string[]; operation: "publish"; }' is not assignable to parameter of type '{ articleIds: string[]; action: "delete" | "publish" | "unpublish" | "updateCategory"; data?: { category?: string | undefined; } | undefined; }'.
  Property 'action' is missing in type '{ articleIds: string[]; operation: "publish"; }' but required in type '{ articleIds: string[]; action: "delete" | "publish" | "unpublish" | "updateCategory"; data?: { category?: string | undefined; } | undefined; }'.
lib/services/__tests__/article-service.test.ts(571,49): error TS2345: Argument of type '{ articleIds: string[]; operation: "archive"; }' is not assignable to parameter of type '{ articleIds: string[]; action: "delete" | "publish" | "unpublish" | "updateCategory"; data?: { category?: string | undefined; } | undefined; }'.
  Property 'action' is missing in type '{ articleIds: string[]; operation: "archive"; }' but required in type '{ articleIds: string[]; action: "delete" | "publish" | "unpublish" | "updateCategory"; data?: { category?: string | undefined; } | undefined; }'.
lib/services/__tests__/article-service.test.ts(587,49): error TS2345: Argument of type '{ articleIds: string[]; operation: "delete"; }' is not assignable to parameter of type '{ articleIds: string[]; action: "delete" | "publish" | "unpublish" | "updateCategory"; data?: { category?: string | undefined; } | undefined; }'.
  Property 'action' is missing in type '{ articleIds: string[]; operation: "delete"; }' but required in type '{ articleIds: string[]; action: "delete" | "publish" | "unpublish" | "updateCategory"; data?: { category?: string | undefined; } | undefined; }'.
lib/services/__tests__/article-service.test.ts(603,49): error TS2345: Argument of type '{ articleIds: string[]; operation: "restore"; }' is not assignable to parameter of type '{ articleIds: string[]; action: "delete" | "publish" | "unpublish" | "updateCategory"; data?: { category?: string | undefined; } | undefined; }'.
  Property 'action' is missing in type '{ articleIds: string[]; operation: "restore"; }' but required in type '{ articleIds: string[]; action: "delete" | "publish" | "unpublish" | "updateCategory"; data?: { category?: string | undefined; } | undefined; }'.
lib/services/__tests__/article-service.test.ts(612,42): error TS2345: Argument of type '{ articleIds: string[]; operation: "publish"; }' is not assignable to parameter of type '{ articleIds: string[]; action: "delete" | "publish" | "unpublish" | "updateCategory"; data?: { category?: string | undefined; } | undefined; }'.
  Property 'action' is missing in type '{ articleIds: string[]; operation: "publish"; }' but required in type '{ articleIds: string[]; action: "delete" | "publish" | "unpublish" | "updateCategory"; data?: { category?: string | undefined; } | undefined; }'.
lib/services/__tests__/article-service.test.ts(626,35): error TS2345: Argument of type '{ articleIds: string[]; operation: "publish"; }' is not assignable to parameter of type '{ articleIds: string[]; action: "delete" | "publish" | "unpublish" | "updateCategory"; data?: { category?: string | undefined; } | undefined; }'.
  Property 'action' is missing in type '{ articleIds: string[]; operation: "publish"; }' but required in type '{ articleIds: string[]; action: "delete" | "publish" | "unpublish" | "updateCategory"; data?: { category?: string | undefined; } | undefined; }'.
lib/services/__tests__/article-service.test.ts(670,18): error TS2339: Property 'category' does not exist on type 'DeepMockProxy<PrismaClient<PrismaClientOptions, never, DefaultArgs>>'.
lib/services/__tests__/article-service.test.ts(671,18): error TS2339: Property 'tag' does not exist on type 'DeepMockProxy<PrismaClient<PrismaClientOptions, never, DefaultArgs>>'.
lib/services/__tests__/article-service.test.ts(675,28): error TS2345: Argument of type '{ relatedArticleIds: string[]; title: string; slug: string; content: string; type: "NEWS"; categoryId: string; authorId: string; tagIds: string[]; status: "DRAFT"; }' is not assignable to parameter of type '{ title: string; slug: string; content: string; type: "news" | "educational"; published: boolean; sentiment: "positive" | "negative" | "neutral"; projectHighlight: boolean; excerpt?: string | undefined; ... 20 more ...; quizData?: any; }'.
  Type '{ relatedArticleIds: string[]; title: string; slug: string; content: string; type: "NEWS"; categoryId: string; authorId: string; tagIds: string[]; status: "DRAFT"; }' is missing the following properties from type '{ title: string; slug: string; content: string; type: "news" | "educational"; published: boolean; sentiment: "positive" | "negative" | "neutral"; projectHighlight: boolean; excerpt?: string | undefined; ... 20 more ...; quizData?: any; }': published, sentiment, projectHighlight
lib/services/__tests__/article-service.test.ts(677,25): error TS2339: Property 'category' does not exist on type 'DeepMockProxy<PrismaClient<PrismaClientOptions, never, DefaultArgs>>'.
lib/services/__tests__/article-service.test.ts(678,25): error TS2339: Property 'tag' does not exist on type 'DeepMockProxy<PrismaClient<PrismaClientOptions, never, DefaultArgs>>'.
lib/services/__tests__/article-service.test.ts(689,18): error TS2339: Property 'category' does not exist on type 'DeepMockProxy<PrismaClient<PrismaClientOptions, never, DefaultArgs>>'.
lib/services/__tests__/article-service.test.ts(690,18): error TS2339: Property 'tag' does not exist on type 'DeepMockProxy<PrismaClient<PrismaClientOptions, never, DefaultArgs>>'.
lib/services/__tests__/article-service.test.ts(693,35): error TS2345: Argument of type '{ relatedArticleIds: string[]; title: string; slug: string; content: string; type: "NEWS"; categoryId: string; authorId: string; tagIds: string[]; status: "DRAFT"; }' is not assignable to parameter of type '{ title: string; slug: string; content: string; type: "news" | "educational"; published: boolean; sentiment: "positive" | "negative" | "neutral"; projectHighlight: boolean; excerpt?: string | undefined; ... 20 more ...; quizData?: any; }'.
  Type '{ relatedArticleIds: string[]; title: string; slug: string; content: string; type: "NEWS"; categoryId: string; authorId: string; tagIds: string[]; status: "DRAFT"; }' is missing the following properties from type '{ title: string; slug: string; content: string; type: "news" | "educational"; published: boolean; sentiment: "positive" | "negative" | "neutral"; projectHighlight: boolean; excerpt?: string | undefined; ... 20 more ...; quizData?: any; }': published, sentiment, projectHighlight
lib/services/__tests__/article-service.test.ts(700,18): error TS2339: Property 'category' does not exist on type 'DeepMockProxy<PrismaClient<PrismaClientOptions, never, DefaultArgs>>'.
lib/services/__tests__/article-service.test.ts(701,18): error TS2339: Property 'tag' does not exist on type 'DeepMockProxy<PrismaClient<PrismaClientOptions, never, DefaultArgs>>'.
lib/services/__tests__/article-service.test.ts(704,28): error TS2345: Argument of type '{ title: string; slug: string; content: string; type: "NEWS"; categoryId: string; authorId: string; tagIds: string[]; status: "DRAFT"; }' is not assignable to parameter of type '{ title: string; slug: string; content: string; type: "news" | "educational"; published: boolean; sentiment: "positive" | "negative" | "neutral"; projectHighlight: boolean; excerpt?: string | undefined; ... 20 more ...; quizData?: any; }'.
  Type '{ title: string; slug: string; content: string; type: "NEWS"; categoryId: string; authorId: string; tagIds: string[]; status: "DRAFT"; }' is missing the following properties from type '{ title: string; slug: string; content: string; type: "news" | "educational"; published: boolean; sentiment: "positive" | "negative" | "neutral"; projectHighlight: boolean; excerpt?: string | undefined; ... 20 more ...; quizData?: any; }': published, sentiment, projectHighlight
lib/services/__tests__/article-service.test.ts(715,35): error TS2345: Argument of type '{ title: string; slug: string; content: string; type: "NEWS"; categoryId: string; authorId: string; tagIds: string[]; status: "DRAFT"; }' is not assignable to parameter of type '{ title: string; slug: string; content: string; type: "news" | "educational"; published: boolean; sentiment: "positive" | "negative" | "neutral"; projectHighlight: boolean; excerpt?: string | undefined; ... 20 more ...; quizData?: any; }'.
  Type '{ title: string; slug: string; content: string; type: "NEWS"; categoryId: string; authorId: string; tagIds: string[]; status: "DRAFT"; }' is missing the following properties from type '{ title: string; slug: string; content: string; type: "news" | "educational"; published: boolean; sentiment: "positive" | "negative" | "neutral"; projectHighlight: boolean; excerpt?: string | undefined; ... 20 more ...; quizData?: any; }': published, sentiment, projectHighlight
lib/services/__tests__/error-service.test.ts(82,19): error TS2540: Cannot assign to 'NODE_ENV' because it is a read-only property.
lib/services/__tests__/error-service.test.ts(94,14): error TS18046: 'json.error' is of type 'unknown'.
lib/services/__tests__/error-service.test.ts(95,14): error TS18046: 'json.error' is of type 'unknown'.
lib/services/__tests__/error-service.test.ts(99,19): error TS2540: Cannot assign to 'NODE_ENV' because it is a read-only property.
lib/services/__tests__/error-service.test.ts(109,14): error TS18046: 'json.error' is of type 'unknown'.
lib/services/__tests__/error-service.test.ts(269,19): error TS2540: Cannot assign to 'NODE_ENV' because it is a read-only property.
lib/services/__tests__/error-service.test.ts(296,19): error TS2540: Cannot assign to 'NODE_ENV' because it is a read-only property.
lib/services/__tests__/error-service.test.ts(562,14): error TS18046: 'json.error' is of type 'unknown'.
lib/services/__tests__/error-service.test.ts(570,14): error TS18046: 'json.error' is of type 'unknown'.
lib/services/__tests__/logger-service.test.ts(6,25): error TS2305: Module '"../logger-service"' has no exported member 'LogLevel'.
lib/services/__tests__/logger-service.test.ts(6,35): error TS2305: Module '"../logger-service"' has no exported member 'measureTime'.
lib/services/__tests__/logger-service.test.ts(28,32): error TS2554: Expected 0 arguments, but got 1.
lib/services/__tests__/logger-service.test.ts(44,40): error TS2554: Expected 0 arguments, but got 1.
lib/services/__tests__/logger-service.test.ts(49,40): error TS2554: Expected 0 arguments, but got 1.
lib/services/__tests__/logger-service.test.ts(59,39): error TS2551: Property 'getContext' does not exist on type 'LoggerService'. Did you mean 'setContext'?
lib/services/__tests__/logger-service.test.ts(67,30): error TS2551: Property 'getContext' does not exist on type 'LoggerService'. Did you mean 'setContext'?
lib/services/__tests__/logger-service.test.ts(75,30): error TS2551: Property 'getContext' does not exist on type 'LoggerService'. Did you mean 'setContext'?
lib/services/__tests__/logger-service.test.ts(83,32): error TS2551: Property 'getContext' does not exist on type 'LoggerService'. Did you mean 'setContext'?
lib/services/__tests__/logger-service.test.ts(93,28): error TS2339: Property 'child' does not exist on type 'LoggerService'.
lib/services/__tests__/logger-service.test.ts(105,28): error TS2339: Property 'child' does not exist on type 'LoggerService'.
lib/services/__tests__/logger-service.test.ts(108,36): error TS2551: Property 'getContext' does not exist on type 'LoggerService'. Did you mean 'setContext'?
lib/services/__tests__/logger-service.test.ts(138,51): error TS2554: Expected 1-2 arguments, but got 3.
lib/services/__tests__/logger-service.test.ts(147,19): error TS2540: Cannot assign to 'NODE_ENV' because it is a read-only property.
lib/services/__tests__/logger-service.test.ts(151,19): error TS2540: Cannot assign to 'NODE_ENV' because it is a read-only property.
lib/services/__tests__/logger-service.test.ts(155,44): error TS2554: Expected 0 arguments, but got 1.
lib/services/__tests__/logger-service.test.ts(165,44): error TS2554: Expected 0 arguments, but got 1.
lib/services/__tests__/logger-service.test.ts(175,44): error TS2554: Expected 0 arguments, but got 1.
lib/services/__tests__/logger-service.test.ts(185,44): error TS2554: Expected 0 arguments, but got 1.
lib/services/__tests__/logger-service.test.ts(197,14): error TS2339: Property 'logRequest' does not exist on type 'LoggerService'.
lib/services/__tests__/logger-service.test.ts(222,14): error TS2339: Property 'logMetric' does not exist on type 'LoggerService'.
lib/services/__tests__/logger-service.test.ts(227,14): error TS2339: Property 'logQuery' does not exist on type 'LoggerService'.
lib/services/__tests__/logger-service.test.ts(232,14): error TS2339: Property 'logQuery' does not exist on type 'LoggerService'.
lib/services/__tests__/logger-service.test.ts(279,32): error TS2554: Expected 0 arguments, but got 1.
lib/services/__tests__/user-service.test.ts(238,22): error TS2339: Property 'password' does not exist on type 'SafeUser'.
